n/image803.jpg
n/image801.jpg
n/image800.jpg
n/image799.jpg
n/image798.jpg
n/image797.jpg
n/image795.jpg
n/image794.jpg
n/image793.jpg
n/image790.jpg
n/image787.jpg
n/image785.jpg
n/image783.jpg
n/image782.jpg
n/image780.jpg
n/image779.jpg
n/image777.jpg
n/image775.jpg
n/image774.jpg
n/image773.jpg
n/image772.jpg
n/image767.jpg
n/image766.jpg
n/image765.jpg
n/image764.jpg
n/image762.jpg
n/image761.jpg
n/image759.jpg
n/image758.jpg
n/image757.jpg
n/image754.jpg
n/image753.jpg
n/image752.jpg
n/image751.jpg
n/image748.jpg
n/image746.jpg
n/image745.jpg
n/image744.jpg
n/image735.jpg
n/image732.jpg
n/image728.jpg
n/image727.jpg
n/image726.jpg
n/image725.jpg
n/image722.jpg
n/image721.jpg
n/image719.jpg
n/image718.jpg
n/image717.jpg
n/image716.jpg
n/image711.jpg
n/image709.jpg
n/image708.jpg
n/image706.jpg
n/image705.jpg
n/image704.jpg
n/image703.jpg
n/image699.jpg
n/image698.jpg
n/image697.jpg
n/image696.jpg
n/image695.jpg
n/image692.jpg
n/image689.jpg
n/image681.jpg
n/image680.jpg
n/image679.jpg
n/image677.jpg
n/image676.jpg
n/image674.jpg
n/image673.jpg
n/image672.jpg
n/image668.jpg
n/image667.jpg
n/image666.jpg
n/image663.jpg
n/image662.jpg
n/image658.jpg
n/image657.jpg
n/image656.jpg
n/image653.jpg
n/image651.jpg
n/image649.jpg
n/image648.jpg
n/image645.jpg
n/image644.jpg
n/image643.jpg
n/image642.jpg
n/image641.jpg
n/image638.jpg
n/image637.jpg
n/image635.jpg
n/image634.jpg
n/image631.jpg
n/image629.jpg
n/image628.jpg
n/image627.jpg
n/image625.jpg
n/image623.jpg
n/image622.jpg
n/image621.jpg
n/image620.jpg
n/image619.jpg
n/image618.jpg
n/image617.jpg
n/image616.jpg
n/image614.jpg
n/image612.jpg
n/image611.jpg
n/image610.jpg
n/image608.jpg
n/image607.jpg
n/image606.jpg
n/image605.jpg
n/image604.jpg
n/image603.jpg
n/image602.jpg
n/image600.jpg
n/image599.jpg
n/image598.jpg
n/image595.jpg
n/image594.jpg
n/image590.jpg
n/image587.jpg
n/image586.jpg
n/image578.jpg
n/image574.jpg
n/image573.jpg
n/image567.jpg
n/image566.jpg
n/image565.jpg
n/image564.jpg
n/image562.jpg
n/image561.jpg
n/image558.jpg
n/image557.jpg
n/image556.jpg
n/image555.jpg
n/image554.jpg
n/image552.jpg
n/image551.jpg
n/image550.jpg
n/image549.jpg
n/image548.jpg
n/image547.jpg
n/image544.jpg
n/image542.jpg
n/image540.jpg
n/image539.jpg
n/image538.jpg
n/image537.jpg
n/image533.jpg
n/image532.jpg
n/image530.jpg
n/image529.jpg
n/image528.jpg
n/image525.jpg
n/image524.jpg
n/image521.jpg
n/image518.jpg
n/image516.jpg
n/image515.jpg
n/image514.jpg
n/image513.jpg
n/image512.jpg
n/image510.jpg
n/image509.jpg
n/image506.jpg
n/image504.jpg
n/image503.jpg
n/image501.jpg
n/image496.jpg
n/image495.jpg
n/image493.jpg
n/image491.jpg
n/image490.jpg
n/image488.jpg
n/image486.jpg
n/image485.jpg
n/image484.jpg
n/image482.jpg
n/image481.jpg
n/image479.jpg
n/image478.jpg
n/image477.jpg
n/image475.jpg
n/image473.jpg
n/image471.jpg
n/image470.jpg
n/image469.jpg
n/image468.jpg
n/image467.jpg
n/image466.jpg
n/image465.jpg
n/image464.jpg
n/image463.jpg
n/image459.jpg
n/image458.jpg
n/image453.jpg
n/image451.jpg
n/image450.jpg
n/image449.jpg
n/image446.jpg
n/image445.jpg
n/image443.jpg
n/image442.jpg
n/image441.jpg
n/image439.jpg
n/image437.jpg
n/image435.jpg
n/image434.jpg
n/image433.jpg
n/image432.jpg
n/image431.jpg
n/image430.jpg
n/image428.jpg
n/image424.jpg
n/image422.jpg
n/image421.jpg
n/image420.jpg
n/image419.jpg
n/image417.jpg
n/image416.jpg
n/image415.jpg
n/image414.jpg
n/image413.jpg
n/image412.jpg
n/image411.jpg
n/image410.jpg
n/image409.jpg
n/image407.jpg
n/image405.jpg
n/image403.jpg
n/image402.jpg
n/image401.jpg
n/image400.jpg
n/image399.jpg
n/image397.jpg
n/image396.jpg
n/image391.jpg
n/image388.jpg
n/image385.jpg
n/image384.jpg
n/image383.jpg
n/image381.jpg
n/image379.jpg
n/image377.jpg
n/image376.jpg
n/image375.jpg
n/image374.jpg
n/image373.jpg
n/image372.jpg
n/image371.jpg
n/image369.jpg
n/image368.jpg
n/image367.jpg
n/image366.jpg
n/image365.jpg
n/image363.jpg
n/image361.jpg
n/image359.jpg
n/image358.jpg
n/image356.jpg
n/image355.jpg
n/image354.jpg
n/image352.jpg
n/image351.jpg
n/image350.jpg
n/image348.jpg
n/image347.jpg
n/image346.jpg
n/image344.jpg
n/image343.jpg
n/image342.jpg
n/image339.jpg
n/image338.jpg
n/image337.jpg
n/image336.jpg
n/image334.jpg
n/image332.jpg
n/image331.jpg
n/image330.jpg
n/image328.jpg
n/image325.jpg
n/image321.jpg
n/image319.jpg
n/image317.jpg
n/image316.jpg
n/image315.jpg
n/image314.jpg
n/image311.jpg
n/image310.jpg
n/image309.jpg
n/image307.jpg
n/image306.jpg
n/image303.jpg
n/image296.jpg
n/image295.jpg
n/image294.jpg
n/image291.jpg
n/image290.jpg
n/image288.jpg
n/image287.jpg
n/image286.jpg
n/image283.jpg
n/image282.jpg
n/image279.jpg
n/image278.jpg
n/image277.jpg
n/image275.jpg
n/image272.jpg
n/image271.jpg
n/image270.jpg
n/image268.jpg
n/image266.jpg
n/image265.jpg
n/image264.jpg
n/image261.jpg
n/image260.jpg
n/image259.jpg
n/image258.jpg
n/image257.jpg
n/image256.jpg
n/image251.jpg
n/image250.jpg
n/image247.jpg
n/image242.jpg
n/image240.jpg
n/image239.jpg
n/image238.jpg
n/image237.jpg
n/image236.jpg
n/image235.jpg
n/image232.jpg
n/image231.jpg
n/image230.jpg
n/image226.jpg
n/image224.jpg
n/image223.jpg
n/image221.jpg
n/image220.jpg
n/image219.jpg
n/image212.jpg
n/image210.jpg
n/image209.jpg
n/image208.jpg
n/image207.jpg
n/image205.jpg
n/image204.jpg
n/image202.jpg
n/image201.jpg
n/image200.jpg
n/image198.jpg
n/image197.jpg
n/image195.jpg
n/image194.jpg
n/image193.jpg
n/image191.jpg
n/image190.jpg
n/image189.jpg
n/image188.jpg
n/image186.jpg
n/image185.jpg
n/image184.jpg
n/image183.jpg
n/image181.jpg
n/image178.jpg
n/image177.jpg
n/image175.jpg
n/image174.jpg
n/image173.jpg
n/image172.jpg
n/image170.jpg
n/image169.jpg
n/image168.jpg
n/image167.jpg
n/image166.jpg
n/image164.jpg
n/image163.jpg
n/image162.jpg
n/image161.jpg
n/image159.jpg
n/image158.jpg
n/image156.jpg
n/image155.jpg
n/image154.jpg
n/image152.jpg
n/image151.jpg
n/image150.jpg
n/image149.jpg
n/image147.jpg
n/image143.jpg
n/image141.jpg
n/image140.jpg
n/image138.jpg
n/image135.jpg
n/image134.jpg
n/image133.jpg
n/image132.jpg
n/image131.jpg
n/image130.jpg
n/image128.jpg
n/image124.jpg
n/image123.jpg
n/image121.jpg
n/image120.jpg
n/image117.jpg
n/image116.jpg
n/image115.jpg
n/image114.jpg
n/image112.jpg
n/image111.jpg
n/image109.jpg
n/image106.jpg
n/image104.jpg
n/image103.jpg
n/image102.jpg
n/image101.jpg
n/image99.jpg
n/image98.jpg
n/image96.jpg
n/image95.jpg
n/image93.jpg
n/image92.jpg
n/image91.jpg
n/image90.jpg
n/image89.jpg
n/image88.jpg
n/image85.jpg
n/image84.jpg
n/image83.jpg
n/image80.jpg
n/image79.jpg
n/image78.jpg
n/image77.jpg
n/image76.jpg
n/image73.jpg
n/image72.jpg
n/image71.jpg
n/image70.jpg
n/image68.jpg
n/image67.jpg
n/image63.jpg
n/image58.jpg
n/image56.jpg
n/image54.jpg
n/image53.jpg
n/image51.jpg
n/image50.jpg
n/image48.jpg
n/image47.jpg
n/image46.jpg
n/image42.jpg
n/image41.jpg
n/image40.jpg
n/image39.jpg
n/image38.jpg
n/image36.jpg
n/image34.jpg
n/image31.jpg
n/image29.jpg
n/image28.jpg
n/image24.jpg
n/image23.jpg
n/image22.jpg
n/image21.jpg
n/image20.jpg
n/image19.jpg
n/image18.jpg
n/image17.jpg
n/image16.jpg
n/image14.jpg
n/image9.jpg
n/image8.jpg
n/image6.jpg
n/image5.jpg
n/image4.jpg
n/image3.jpg
n/image2.jpg
n/image1.jpg